Attaching to process ID 4130, please wait...
Debugger attached successfully.
Server compiler detected.
JVM version is 25.92-b14

using parallel threads in the new generation.
using thread-local object allocation.
Concurrent Mark-Sweep GC

Heap Configuration:
   MinHeapFreeRatio         = 40
   MaxHeapFreeRatio         = 70
   MaxHeapSize              = 2147483648 (2048.0MB)
   NewSize                  = 268435456 (256.0MB)
   MaxNewSize               = 268435456 (256.0MB)
   OldSize                  = 1879048192 (1792.0MB)
   NewRatio                 = 2
   SurvivorRatio            = 8
   MetaspaceSize            = 21807104 (20.796875MB)
   CompressedClassSpaceSize = 1073741824 (1024.0MB)
   MaxMetaspaceSize         = 17592186044415 MB
   G1HeapRegionSize         = 0 (0.0MB)

Heap Usage:
New Generation (Eden + 1 Survivor Space):
   capacity = 241631232 (230.4375MB)
   used     = 48148472 (45.91796112060547MB)
   free     = 193482760 (184.51953887939453MB)
   19.926427391637848% used
Eden Space:
   capacity = 214827008 (204.875MB)
   used     = 38753056 (36.957794189453125MB)
   free     = 176073952 (167.91720581054688MB)
   18.03919179473002% used
From Space:
   capacity = 26804224 (25.5625MB)
   used     = 9395416 (8.960166931152344MB)
   free     = 17408808 (16.602333068847656MB)
   35.051997774679094% used
To Space:
   capacity = 26804224 (25.5625MB)
   used     = 0 (0.0MB)
   free     = 26804224 (25.5625MB)
   0.0% used
concurrent mark-sweep generation:
   capacity = 1879048192 (1792.0MB)
   used     = 0 (0.0MB)
   free     = 1879048192 (1792.0MB)
   0.0% used

7972 interned Strings occupying 611960 bytes.
